Microchip MPLAB XC8 Compiler V2.36

Linker command line:

-W-3 --edf=C:\Program Files\Microchip\xc8\v2.36\pic\dat\en_msgs.txt -cn \
  -h+dist/default/production\00_POO.X.production.sym \
  --cmf=dist/default/production\00_POO.X.production.cmf -z -Q18F4550 \
  -oC:\Users\dg_su\AppData\Local\Temp\xcAsdfc.4 --defsym=__MPLAB_BUILD=1 \
  -Mdist/default/production/00_POO.X.production.map \
  --md=C:\Users\dg_su\AppData\Local\Temp\xcAsdfc.dat -E1 -ver=XC8 Compiler \
  --acfsm=1493 -ACODE=00h-07FFFh -ACONST=00h-07FFFh \
  -ASMALLCONST=0800h-08FFhx120 -AMEDIUMCONST=0800h-07FFFh -ACOMRAM=01h-05Fh \
  -AABS1=00h-07FFh -ABIGRAM=01h-07FFh -ARAM=060h-0FFh,0100h-01FFhx7 \
  -ABANK0=060h-0FFh -ABANK1=0100h-01FFh -ABANK2=0200h-02FFh \
  -ABANK3=0300h-03FFh -ABANK4=0400h-04FFh -ABANK5=0500h-05FFh \
  -ABANK6=0600h-06FFh -ABANK7=0700h-07FFh -ASFR=0F60h-0FFFh \
  -ABIGSFR=0F60h-0FFFh -ACONFIG=0300000h-030000Dh -AIDLOC=0200000h-0200007h \
  -AEEDATA=0F00000h-0F000FFh -peeprom_data=EEDATA \
  -preset_vec=00h,intcode,intcodelo,powerup,init -pramtop=0800h \
  -psmallconst=SMALLCONST -pmediumconst=MEDIUMCONST -pconst=CONST \
  -AFARRAM=00h-00h \
  -prdata=COMRAM,nvrram=COMRAM,nvbit=COMRAM,rbss=COMRAM,rbit=COMRAM \
  -pfarbss=FARRAM,fardata=FARRAM,nvFARRAM=FARRAM \
  -pintsave_regs=BIGRAM,bigbss=BIGRAM,bigdata=BIGRAM -pbss=RAM \
  -pidata=CODE,irdata=CODE,ibigdata=CODE,ifardata=CODE -prparam=COMRAM \
  C:\Users\dg_su\AppData\Local\Temp\xcAsdfc.o \
  dist/default/production\00_POO.X.production.o 

Object code version is 3.11

Machine type is 18F4550



                Name                               Link     Load   Length Selector   Space Scale
C:\Users\dg_su\AppData\Local\Temp\xcAsdfc.o
                idloc                            200000   200000        8        0       5
                config                           300000   300000        E        0       4
                init                                  0        0        4        0       0
dist/default/production\00_POO.X.production.o
                idloc                            200000   200000        8        0       5
                config                           300000   300000        E        0       4
                smallconst                          800      800       54      400       0
                text16                             1676     1676        2      B39       0
                text15                             1674     1674        2      B39       0
                text14                              DD4      DD4      188      42A       0
                text13                             10E2     10E2      164      42A       0
                text12                             1584     1584       40      42A       0
                text11                             1672     1672        2      B39       0
                text10                             13EA     13EA       96      42A       0
                text9                              1540     1540       44      42A       0
                text8                              15FE     15FE       36      42A       0
                text7                              1324     1324       C6      42A       0
                text6                               854      854      2E2      42A       0
                text5                               F5C      F5C      186      42A       0
                text4                              1246     1246       DE      42A       0
                text3                               B36      B36      29E      42A       0
                text2                              1480     1480       62      42A       0
                text1                              1634     1634       28      42A       0
                text0                              14E2     14E2       5E      42A       0
                cstackCOMRAM                          1        1       5F        1       1
                cstackBANK0                          9D       9D       10       60       1
                dataBANK0                            88       88       15       60       1
                bssBANK0                             60       60       28       60       1
                cinit                              15C4     15C4       3A      42A       0
                idataBANK0                         165C     165C       15      42A       0

TOTAL           Name                               Link     Load   Length     Space
        CLASS   CODE           
                init                                  0        0        4         0
                text16                             1676     1676        2         0
                text15                             1674     1674        2         0
                text14                              DD4      DD4      188         0
                text13                             10E2     10E2      164         0
                text12                             1584     1584       40         0
                text11                             1672     1672        2         0
                text10                             13EA     13EA       96         0
                text9                              1540     1540       44         0
                text8                              15FE     15FE       36         0
                text7                              1324     1324       C6         0
                text6                               854      854      2E2         0
                text5                               F5C      F5C      186         0
                text4                              1246     1246       DE         0
                text3                               B36      B36      29E         0
                text2                              1480     1480       62         0
                text1                              1634     1634       28         0
                text0                              14E2     14E2       5E         0
                cinit                              15C4     15C4       3A         0
                idataBANK0                         165C     165C       15         0

        CLASS   CONST          

        CLASS   SMALLCONST     
                smallconst                          800      800       54         0

        CLASS   MEDIUMCONST    

        CLASS   COMRAM         
                cstackCOMRAM                          1        1       5F         1

        CLASS   ABS1           

        CLASS   BIGRAM         

        CLASS   RAM            

        CLASS   BANK0          
                cstackBANK0                          9D       9D       10         1
                dataBANK0                            88       88       15         1
                bssBANK0                             60       60       28         1

        CLASS   BANK1          

        CLASS   BANK2          

        CLASS   BANK3          

        CLASS   BANK4          

        CLASS   BANK5          

        CLASS   BANK6          

        CLASS   BANK7          

        CLASS   SFR            

        CLASS   BIGSFR         

        CLASS   CONFIG         
                config                           300000   300000        E         4

        CLASS   IDLOC          
                idloc                            200000   200000        8         5

        CLASS   EEDATA         

        CLASS   FARRAM         

        CLASS   HEAP           

        CLASS   STACK          



SEGMENTS        Name                           Load    Length   Top    Selector   Space  Class

                reset_vec                      000000  000004  000004         0       0  CODE    
                cstackCOMRAM                   000001  00005F  000060         1       1  COMRAM  
                bssBANK0                       000060  00004D  0000AD        60       1  BANK0   
                smallconst                     000800  000054  000854       400       0  SMALLCON
                text6                          000854  000E1D  001671       42A       0  CODE    
                text11                         001672  000006  001678       B39       0  CODE    


UNUSED ADDRESS RANGES

        Name                Unused          Largest block    Delta
        BANK0            0000AD-0000FF               53
        BANK1            000100-0001FF              100
        BANK2            000200-0002FF              100
        BANK3            000300-0003FF              100
        BANK4            000400-0004FF              100
        BANK5            000500-0005FF              100
        BANK6            000600-0006FF              100
        BANK7            000700-0007FF              100
        BIGRAM           0000AD-0007FF              753
        BIGSFR           000F60-000FFF               A0
        CODE             000004-0007FF              7FC
                         001671-001671                1
                         001678-007FFF             6988
        CONST            000004-0007FF              7FC
                         001671-001671                1
                         001678-007FFF             6988
        EEDATA           F00000-F000FF              100
        MEDIUMCONST      001671-001671                1
                         001678-007FFF             6988
        RAM              0000AD-0007FF              100
        SFR              000F60-000FFF               A0
        SMALLCONST       001671-001671                1
                         001678-007FFF              100

                                  Symbol Table

?___aodiv                cstackCOMRAM 000001
?___aomod                cstackCOMRAM 000001
?_abs                    cstackCOMRAM 000013
?_dtoa                   cstackCOMRAM 00001C
?_pad                    cstackCOMRAM 000011
?_printf                 cstackCOMRAM 00005C
?_stoa                   cstackCOMRAM 00000A
?_strlen                 cstackCOMRAM 000001
?_strncmp                cstackCOMRAM 000001
?_vfpfcnvrt              cstackCOMRAM 000040
?_vfprintf               cstackCOMRAM 000054
__HRAM                   (abs)        000000
__Habs1                  abs1         000000
__Hbank0                 bank0        000000
__Hbank1                 bank1        000000
__Hbank2                 bank2        000000
__Hbank3                 bank3        000000
__Hbank4                 bank4        000000
__Hbank5                 bank5        000000
__Hbank6                 bank6        000000
__Hbank7                 bank7        000000
__Hbigbss                bigbss       000000
__Hbigdata               bigdata      000000
__Hbigram                bigram       000000
__Hbigsfr                bigsfr       000000
__Hbss                   bss          000000
__HbssBANK0              bssBANK0     000000
__Hcinit                 cinit        000000
__Hclrtext               clrtext      000000
__Hcomram                comram       000000
__Hconfig                config       30000E
__Hconst                 const        000000
__HcstackBANK0           cstackBANK0  000000
__HcstackCOMRAM          cstackCOMRAM 000000
__Hdata                  data         000000
__HdataBANK0             dataBANK0    000000
__Heeprom_data           eeprom_data  000000
__Hfarbss                farbss       000000
__Hfardata               fardata      000000
__Hheap                  heap         000000
__Hibigdata              ibigdata     000000
__Hidata                 idata        000000
__HidataBANK0            idataBANK0   000000
__Hidloc                 idloc        200008
__Hifardata              ifardata     000000
__Hinit                  init         000004
__Hintcode               intcode      000000
__Hintcode_body          intcode_body 000000
__Hintcodelo             intcodelo    000000
__Hintentry              intentry     000000
__Hintret                intret       000000
__Hintsave_regs          intsave_regs 000000
__Hirdata                irdata       000000
__Hmediumconst           mediumconst  000000
__HnvFARRAM              nvFARRAM     000000
__Hnvbit                 nvbit        000000
__Hnvrram                nvrram       000000
__Hparam                 rparam       000000
__Hpowerup               powerup      000000
__Hram                   ram          000000
__Hramtop                ramtop       000800
__Hrbit                  rbit         000000
__Hrbss                  rbss         000000
__Hrdata                 rdata        000000
__Hreset_vec             reset_vec    000000
__Hrparam                rparam       000000
__Hsfr                   sfr          000000
__Hsmallconst            smallconst   000854
__Hspace_0               (abs)        001678
__Hspace_1               (abs)        0000AD
__Hspace_2               (abs)        000000
__Hspace_4               (abs)        60000E
__Hstack                 stack        000000
__Hstruct                struct       000000
__Htemp                  temp         000000
__Htext                  text         000000
__Htext0                 text0        000000
__Htext1                 text1        000000
__Htext10                text10       000000
__Htext11                text11       000000
__Htext12                text12       000000
__Htext13                text13       000000
__Htext14                text14       000000
__Htext15                text15       000000
__Htext16                text16       000000
__Htext2                 text2        000000
__Htext3                 text3        000000
__Htext4                 text4        000000
__Htext5                 text5        000000
__Htext6                 text6        000000
__Htext7                 text7        000000
__Htext8                 text8        000000
__Htext9                 text9        000000
__LRAM                   (abs)        000001
__Labs1                  abs1         000000
__Lbank0                 bank0        000000
__Lbank1                 bank1        000000
__Lbank2                 bank2        000000
__Lbank3                 bank3        000000
__Lbank4                 bank4        000000
__Lbank5                 bank5        000000
__Lbank6                 bank6        000000
__Lbank7                 bank7        000000
__Lbigbss                bigbss       000000
__Lbigdata               bigdata      000000
__Lbigram                bigram       000000
__Lbigsfr                bigsfr       000000
__Lbss                   bss          000000
__LbssBANK0              bssBANK0     000000
__Lcinit                 cinit        000000
__Lclrtext               clrtext      000000
__Lcomram                comram       000000
__Lconfig                config       000000
__Lconst                 const        000000
__LcstackBANK0           cstackBANK0  000000
__LcstackCOMRAM          cstackCOMRAM 000000
__Ldata                  data         000000
__LdataBANK0             dataBANK0    000000
__Leeprom_data           eeprom_data  000000
__Lfarbss                farbss       000000
__Lfardata               fardata      000000
__Lheap                  heap         000000
__Libigdata              ibigdata     000000
__Lidata                 idata        000000
__LidataBANK0            idataBANK0   000000
__Lidloc                 idloc        000000
__Lifardata              ifardata     000000
__Linit                  init         000000
__Lintcode               intcode      000000
__Lintcode_body          intcode_body 000000
__Lintcodelo             intcodelo    000000
__Lintentry              intentry     000000
__Lintret                intret       000000
__Lintsave_regs          intsave_regs 000000
__Lirdata                irdata       000000
__Lmediumconst           mediumconst  000000
__LnvFARRAM              nvFARRAM     000000
__Lnvbit                 nvbit        000000
__Lnvrram                nvrram       000000
__Lparam                 rparam       000000
__Lpowerup               powerup      000000
__Lram                   ram          000000
__Lramtop                ramtop       000800
__Lrbit                  rbit         000000
__Lrbss                  rbss         000000
__Lrdata                 rdata        000000
__Lreset_vec             reset_vec    000000
__Lrparam                rparam       000000
__Lsfr                   sfr          000000
__Lsmallconst            smallconst   000800
__Lspace_0               (abs)        000000
__Lspace_1               (abs)        000000
__Lspace_2               (abs)        000000
__Lspace_4               (abs)        000000
__Lstack                 stack        000000
__Lstruct                struct       000000
__Ltemp                  temp         000000
__Ltext                  text         000000
__Ltext0                 text0        000000
__Ltext1                 text1        000000
__Ltext10                text10       000000
__Ltext11                text11       000000
__Ltext12                text12       000000
__Ltext13                text13       000000
__Ltext14                text14       000000
__Ltext15                text15       000000
__Ltext16                text16       000000
__Ltext2                 text2        000000
__Ltext3                 text3        000000
__Ltext4                 text4        000000
__Ltext5                 text5        000000
__Ltext6                 text6        000000
__Ltext7                 text7        000000
__Ltext8                 text8        000000
__Ltext9                 text9        000000
__S0                     (abs)        001678
__S1                     (abs)        0000AD
__S4                     (abs)        000000
__S5                     (abs)        000000
___aodiv                 text14       000DD4
___aodiv@counter         cstackCOMRAM 000011
___aodiv@dividend        cstackCOMRAM 000001
___aodiv@divisor         cstackCOMRAM 000009
___aodiv@quotient        cstackCOMRAM 000013
___aodiv@sign            cstackCOMRAM 000012
___aomod                 text13       0010E2
___aomod@counter         cstackCOMRAM 000011
___aomod@dividend        cstackCOMRAM 000001
___aomod@divisor         cstackCOMRAM 000009
___aomod@sign            cstackCOMRAM 000012
___heap_hi               (abs)        000000
___heap_lo               (abs)        000000
___inthi_sp              stack        000000
___intlo_sp              stack        000000
___param_bank            (abs)        000000
___rparam_used           (abs)        000001
___sp                    stack        000000
__accesstop              (abs)        000060
__activetblptr           (abs)        000001
__end_of___aodiv         text14       000F5C
__end_of___aomod         text13       001246
__end_of__initialization cinit        0015F0
__end_of_abs             text12       0015C4
__end_of_comer           text16       001678
__end_of_dtoa            text6        000B36
__end_of_fputc           text10       001480
__end_of_fputs           text9        001584
__end_of_ladrar          text15       001676
__end_of_main            text0        001540
__end_of_pad             text7        0013EA
__end_of_printf          text1        00165C
__end_of_putch           text11       001674
__end_of_stoa            text5        0010E2
__end_of_strlen          text8        001634
__end_of_strncmp         text4        001324
__end_of_vfpfcnvrt       text3        000DD4
__end_of_vfprintf        text2        0014E2
__initialization         cinit        0015C4
__mediumconst            mediumconst  000000
__pbssBANK0              bssBANK0     000060
__pcinit                 cinit        0015C4
__pcstackBANK0           cstackBANK0  00009D
__pcstackCOMRAM          cstackCOMRAM 000001
__pdataBANK0             dataBANK0    000088
__pidataBANK0            idataBANK0   00165C
__psmallconst            smallconst   000800
__ptext0                 text0        0014E2
__ptext1                 text1        001634
__ptext10                text10       0013EA
__ptext11                text11       001672
__ptext12                text12       001584
__ptext13                text13       0010E2
__ptext14                text14       000DD4
__ptext15                text15       001674
__ptext16                text16       001676
__ptext2                 text2        001480
__ptext3                 text3        000B36
__ptext4                 text4        001246
__ptext5                 text5        000F5C
__ptext6                 text6        000854
__ptext7                 text7        001324
__ptext8                 text8        0015FE
__ptext9                 text9        001540
__ramtop                 ramtop       000800
__smallconst             smallconst   000800
_abs                     text12       001584
_comer                   text16       001676
_dbuf                    bssBANK0     000068
_dtoa                    text6        000854
_dtoa$578                cstackCOMRAM 00002E
_flags                   bssBANK0     000066
_fputc                   text10       0013EA
_fputs                   text9        001540
_ladrar                  text15       001674
_main                    text0        0014E2
_nout                    bssBANK0     000060
_pad                     text7        001324
_prec                    bssBANK0     000064
_printf                  text1        001634
_putch                   text11       001672
_stoa                    text5        000F5C
_strlen                  text8        0015FE
_strncmp                 text4        001246
_vfpfcnvrt               text3        000B36
_vfpfcnvrt$607           cstackCOMRAM 000052
_vfprintf                text2        001480
_width                   bssBANK0     000062
abs@a                    cstackCOMRAM 000013
dtoa@d                   cstackCOMRAM 00001E
dtoa@fp                  cstackCOMRAM 00001C
dtoa@i                   cstackCOMRAM 00003E
dtoa@n                   cstackCOMRAM 000036
dtoa@p                   cstackCOMRAM 000030
dtoa@s                   cstackCOMRAM 000034
dtoa@w                   cstackCOMRAM 000032
end_of_initialization    cinit        0015F0
fputc@c                  cstackCOMRAM 000001
fputc@fp                 cstackCOMRAM 000003
fputs@c                  cstackCOMRAM 00000E
fputs@fp                 cstackCOMRAM 00000C
fputs@i                  cstackCOMRAM 00000F
fputs@s                  cstackCOMRAM 00000A
intlevel0                text         000000
intlevel1                text         000000
intlevel2                text         000000
intlevel3                text         000000
isa$std                  (abs)        000001
isa$xinst                (abs)        000000
main@F3527               dataBANK0    000088
main@perro               cstackBANK0  00009F
pad@buf                  cstackCOMRAM 000013
pad@fp                   cstackCOMRAM 000011
pad@i                    cstackCOMRAM 000018
pad@p                    cstackCOMRAM 000015
pad@w                    cstackCOMRAM 00001A
printf@ap                cstackBANK0  00009D
printf@fmt               cstackCOMRAM 00005C
stackhi                  (abs)        000000
stacklo                  (abs)        000000
start                    init         000000
start_initialization     cinit        0015C4
stoa@F1150               dataBANK0    000096
stoa@cp                  cstackCOMRAM 00001A
stoa@fp                  cstackCOMRAM 00000A
stoa@i                   cstackCOMRAM 000016
stoa@l                   cstackCOMRAM 00001E
stoa@nuls                cstackCOMRAM 00000F
stoa@p                   cstackCOMRAM 00001C
stoa@s                   cstackCOMRAM 00000C
stoa@w                   cstackCOMRAM 000018
strlen@a                 cstackCOMRAM 000003
strlen@s                 cstackCOMRAM 000001
strncmp@_l               cstackCOMRAM 000001
strncmp@_r               cstackCOMRAM 000003
strncmp@l                cstackCOMRAM 000008
strncmp@n                cstackCOMRAM 000005
strncmp@r                cstackCOMRAM 00000A
vfpfcnvrt@ap             cstackCOMRAM 000044
vfpfcnvrt@cp             cstackCOMRAM 000050
vfpfcnvrt@fmt            cstackCOMRAM 000042
vfpfcnvrt@fp             cstackCOMRAM 000040
vfpfcnvrt@ll             cstackCOMRAM 000048
vfprintf@ap              cstackCOMRAM 000058
vfprintf@cfmt            cstackCOMRAM 00005A
vfprintf@fmt             cstackCOMRAM 000056
vfprintf@fp              cstackCOMRAM 000054


MODULE INFORMATION

Module		Function		Class		Link	Load	Size
C:\Program Files\Microchip\xc8\v2.36\pic\sources\c99\common\putch.c
		_putch         		CODE           	1672	0000	2

C:\Program Files\Microchip\xc8\v2.36\pic\sources\c99\common\putch.c estimated size: 2

C:\Program Files\Microchip\xc8\v2.36\pic\sources\c99\common\nf_fputs.c
		_fputs         		CODE           	1540	0000	68

C:\Program Files\Microchip\xc8\v2.36\pic\sources\c99\common\nf_fputs.c estimated size: 68

C:\Program Files\Microchip\xc8\v2.36\pic\sources\c99\common\printf.c
		_printf        		CODE           	1634	0000	40

C:\Program Files\Microchip\xc8\v2.36\pic\sources\c99\common\printf.c estimated size: 40

C:\Program Files\Microchip\xc8\v2.36\pic\sources\c99\common\aomod.c
		___aomod       		CODE           	10E2	0000	356

C:\Program Files\Microchip\xc8\v2.36\pic\sources\c99\common\aomod.c estimated size: 356

C:\Program Files\Microchip\xc8\v2.36\pic\sources\c99\common\strncmp.c
		_strncmp       		CODE           	1246	0000	222

C:\Program Files\Microchip\xc8\v2.36\pic\sources\c99\common\strncmp.c estimated size: 222

C:\Program Files\Microchip\xc8\v2.36\pic\sources\c99\common\strlen.c
		_strlen        		CODE           	15FE	0000	54

C:\Program Files\Microchip\xc8\v2.36\pic\sources\c99\common\strlen.c estimated size: 54

C:\Program Files\Microchip\xc8\v2.36\pic\sources\c99\common\aodiv.c
		___aodiv       		CODE           	0DD4	0000	392

C:\Program Files\Microchip\xc8\v2.36\pic\sources\c99\common\aodiv.c estimated size: 392

perro.c
		_ladrar        		CODE           	1674	0000	2
		_comer         		CODE           	1676	0000	2

perro.c estimated size: 4

C:\Program Files\Microchip\xc8\v2.36\pic\sources\c99\common\nf_fputc.c
		_fputc         		CODE           	13EA	0000	150

C:\Program Files\Microchip\xc8\v2.36\pic\sources\c99\common\nf_fputc.c estimated size: 150

C:\Program Files\Microchip\xc8\v2.36\pic\sources\c99\common\doprnt.c
		_vfpfcnvrt     		CODE           	0B36	0000	670
		_pad           		CODE           	1324	0000	198
		_dtoa          		CODE           	0854	0000	738
		_vfprintf      		CODE           	1480	0000	98
		_stoa          		CODE           	0F5C	0000	390

C:\Program Files\Microchip\xc8\v2.36\pic\sources\c99\common\doprnt.c estimated size: 2094

shared
		__initialization		CODE           	15C4	0000	44

shared estimated size: 44

C:\Program Files\Microchip\xc8\v2.36\pic\sources\c99\common\abs.c
		_abs           		CODE           	1584	0000	64

C:\Program Files\Microchip\xc8\v2.36\pic\sources\c99\common\abs.c estimated size: 64

main.c
		_main          		CODE           	14E2	0000	94

main.c estimated size: 94

